  console.log
    User A Token: f9e680d9d8...

      at log (tests/MultiplayerFlow.test.js:99:17)

  console.log
    User B Token: 6202482aa4...

      at log (tests/MultiplayerFlow.test.js:119:17)

  console.log
    User B unido. PeerId: peer_729ec9db5fe1cd30

      at log (tests/MultiplayerFlow.test.js:159:17)

  console.log
    Conectando WebSocket A...

      at log (tests/MultiplayerFlow.test.js:167:17)

  console.log
    WS A Conectado y Logueado

      at log (tests/MultiplayerFlow.test.js:169:17)

  console.log
    Conectando WebSocket B...

      at log (tests/MultiplayerFlow.test.js:171:17)

  console.log
    WS B Conectado y Logueado

      at log (tests/MultiplayerFlow.test.js:173:17)

  console.log
    Enviando join_room para A y B...

      at log (tests/MultiplayerFlow.test.js:197:17)

node.exe : FAIL tests/MultiplayerFlow.test.js (33.385 s)
En línea: 1 Carácter: 1
+ & "C:\Program Files\nodejs/node.exe" "C:\Program Files\nodejs/node_mo ...
+ ~~~~~~~~~~~~~~~~~~~~~~~~~~~~~~~~~~~~~~~~~~~~~~~~~~~~~~~~~~~~~~~~~~~~~
    + CategoryInfo          : NotSpecified: (FAIL tests/Mult...t.js (33.385 s):String) [],  
   RemoteException
    + FullyQualifiedErrorId : NativeCommandError
 
  Multiplayer Flow Integration Test
    ÔêÜ 1. Registrar y Loguear usuarios (869 ms)
    ├ù 2. User A crea una sala (51 ms)
    ÔêÜ 3. User B se une a la sala (38 ms)
    ├ù 4. Flujo WebSocket completo (Login + Join + Signaling) (30005 ms)

  ÔùÅ Multiplayer Flow Integration Test ÔÇ║ 2. User A crea una sala

    expect(received).toBeDefined()

    Received: undefined

    [0m [90m 136 |[39m
     [90m 137 |[39m         
expect(roomToken)[33m.[39mtoHaveLength([35m6[39m)[33m;[39m
    [31m[1m>[22m[39m[90m 138 |[39m         
expect(userA[33m.[39mpeerId)[33m.[39mtoBeDefined()[33m;[39m
     [90m     |[39m                              [31m[1m^[22m[39m
     [90m 139 |[39m         console[33m.[39mlog([32m`Sala Creada: ${roomToken} (ID: 
${roomId}, PeerID A: ${userA.peerId})`[39m)[33m;[39m
     [90m 140 |[39m     })[33m;[39m
     [90m 141 |[39m[0m

      at toBeDefined (tests/MultiplayerFlow.test.js:138:30)
      at Generator.call (tests/MultiplayerFlow.test.js:2:1)
      at Generator._invoke [as next] (tests/MultiplayerFlow.test.js:2:1)
      at asyncGeneratorStep (tests/MultiplayerFlow.test.js:2:1)
      at asyncGeneratorStep (tests/MultiplayerFlow.test.js:2:1)

  ÔùÅ Multiplayer Flow Integration Test ÔÇ║ 4. Flujo WebSocket completo (Login + Join + 
Signaling)

    thrown: "Exceeded timeout of 30000 ms for a test.
    Add a timeout value to this test to increase the timeout, if this is a long-running 
test. See https://jestjs.io/docs/api#testname-fn-timeout."

    [0m [90m 163 |[39m     [90m// 4. WEBSOCKET FLOW[39m
     [90m 164 |[39m     [90m// ==========================================[39m
    [31m[1m>[22m[39m[90m 165 |[39m     test([32m'4. Flujo WebSocket completo (Login 
+ Join + Signaling)'[39m[33m,[39m [36masync[39m () [33m=>[39m {
     [90m     |[39m     [31m[1m^[22m[39m
     [90m 166 |[39m         [90m// Conectar ambos sockets[39m
     [90m 167 |[39m         console[33m.[39mlog([32m'Conectando WebSocket 
A...'[39m)[33m;[39m
     [90m 168 |[39m         wsA [33m=[39m [36mawait[39m 
connectWebSocket(userA)[33m;[39m[0m

      at test (tests/MultiplayerFlow.test.js:165:5)
      at Object.describe (tests/MultiplayerFlow.test.js:19:1)

Test Suites: 1 failed, 1 total
Tests:       2 failed, 2 passed, 4 total
Snapshots:   0 total
Time:        33.621 s, estimated 35 s
Ran all test suites matching /tests\\MultiplayerFlow.test.js/i.
