
> mathgame@1.0.0 test
> jest

node.exe : FAIL tests/unit/QuestionGenerator.test.js
En línea: 1 Carácter: 1
+ & "C:\Program Files\nodejs/node.exe" "C:\Program Files\nodejs/node_mo ...
+ ~~~~~~~~~~~~~~~~~~~~~~~~~~~~~~~~~~~~~~~~~~~~~~~~~~~~~~~~~~~~~~~~~~~~~
    + CategoryInfo          : NotSpecified: (FAIL tests/unit...nerator.test.js:String) [], RemoteException
    + FullyQualifiedErrorId : NativeCommandError
 
  ÔùÅ Test suite failed to run

    TypeError: sourceMapSupport.install is not a function

    [0m [90m 4 |[39m     sourceMapSupport[33m.[39minstall({
     [90m 5 |[39m         handleUncaughtExceptions[33m:[39m [36mfalse[39m
    [31m[1m>[22m[39m[90m 6 |[39m     })[33m;[39m
     [90m   |[39m                  [31m[1m^[22m[39m
     [90m 7 |[39m }
     [90m 8 |[39m
     [90m 9 |[39m [90m// Mock localStorage[39m[0m

      at Object.<anonymous> (tests/setup.js:6:20)

FAIL tests/unit/UserManager.test.js
  ÔùÅ Test suite failed to run

    TypeError: sourceMapSupport.install is not a function

    [0m [90m 4 |[39m     sourceMapSupport[33m.[39minstall({
     [90m 5 |[39m         handleUncaughtExceptions[33m:[39m [36mfalse[39m
    [31m[1m>[22m[39m[90m 6 |[39m     })[33m;[39m
     [90m   |[39m                  [31m[1m^[22m[39m
     [90m 7 |[39m }
     [90m 8 |[39m
     [90m 9 |[39m [90m// Mock localStorage[39m[0m

      at Object.<anonymous> (tests/setup.js:6:20)

FAIL tests/unit/GameEngine.test.js
  ÔùÅ Test suite failed to run

    TypeError: sourceMapSupport.install is not a function

    [0m [90m 4 |[39m     sourceMapSupport[33m.[39minstall({
     [90m 5 |[39m         handleUncaughtExceptions[33m:[39m [36mfalse[39m
    [31m[1m>[22m[39m[90m 6 |[39m     })[33m;[39m
     [90m   |[39m                  [31m[1m^[22m[39m
     [90m 7 |[39m }
     [90m 8 |[39m
     [90m 9 |[39m [90m// Mock localStorage[39m[0m

      at Object.<anonymous> (tests/setup.js:6:20)

FAIL tests/unit/StoreManager.test.js
  ÔùÅ Test suite failed to run

    TypeError: sourceMapSupport.install is not a function

    [0m [90m 4 |[39m     sourceMapSupport[33m.[39minstall({
     [90m 5 |[39m         handleUncaughtExceptions[33m:[39m [36mfalse[39m
    [31m[1m>[22m[39m[90m 6 |[39m     })[33m;[39m
     [90m   |[39m                  [31m[1m^[22m[39m
     [90m 7 |[39m }
     [90m 8 |[39m
     [90m 9 |[39m [90m// Mock localStorage[39m[0m

      at Object.<anonymous> (tests/setup.js:6:20)

FAIL tests/unit/TranslationManager.test.js
  ÔùÅ Test suite failed to run

    TypeError: sourceMapSupport.install is not a function

    [0m [90m 4 |[39m     sourceMapSupport[33m.[39minstall({
     [90m 5 |[39m         handleUncaughtExceptions[33m:[39m [36mfalse[39m
    [31m[1m>[22m[39m[90m 6 |[39m     })[33m;[39m
     [90m   |[39m                  [31m[1m^[22m[39m
     [90m 7 |[39m }
     [90m 8 |[39m
     [90m 9 |[39m [90m// Mock localStorage[39m[0m

      at Object.<anonymous> (tests/setup.js:6:20)

FAIL tests/app.test.js
  ÔùÅ Test suite failed to run

    TypeError: sourceMapSupport.install is not a function

    [0m [90m 4 |[39m     sourceMapSupport[33m.[39minstall({
     [90m 5 |[39m         handleUncaughtExceptions[33m:[39m [36mfalse[39m
    [31m[1m>[22m[39m[90m 6 |[39m     })[33m;[39m
     [90m   |[39m                  [31m[1m^[22m[39m
     [90m 7 |[39m }
     [90m 8 |[39m
     [90m 9 |[39m [90m// Mock localStorage[39m[0m

      at Object.<anonymous> (tests/setup.js:6:20)

Test Suites: 6 failed, 6 total
Tests:       0 total
Snapshots:   0 total
Time:        27.637 s
Ran all test suites.
